Archive member included to satisfy reference by file (symbol)

c:/program files (x86)/atmel/studio/7.0/toolchain/avr8/avr8-gnu-toolchain/bin/../lib/gcc/avr/5.4.0/avr5\libgcc.a(_exit.o)
                              C:/Program Files (x86)/Atmel/Studio/7.0/Packs/atmel/ATmega_DFP/1.7.374/gcc/dev/atmega32a/avr5/crtatmega32a.o (exit)
c:/program files (x86)/atmel/studio/7.0/toolchain/avr8/avr8-gnu-toolchain/bin/../lib/gcc/avr/5.4.0/avr5\libgcc.a(_copy_data.o)
                              APP/app.o (__do_copy_data)
c:/program files (x86)/atmel/studio/7.0/toolchain/avr8/avr8-gnu-toolchain/bin/../lib/gcc/avr/5.4.0/avr5\libgcc.a(_clear_bss.o)
                              APP/app.o (__do_clear_bss)

Allocating common symbols
Common symbol       size              file

u8_g_SlaveReceive   0x1               MCAL/spi/spi_program.o
u8_g_EepromFlag     0x1               APP/app.o
u8_g_SlaveRxLen     0x1               MCAL/spi/spi_program.o
u8_g_SlaveTxLen     0x1               MCAL/spi/spi_program.o
u8_gs_ModeSelect    0x1               APP/app.o
u8_g_PanValid       0x1               APP/app.o
arr_g_ReadBuffer    0x40              ECUAL/eeprom/HEEPROM_Program.o

Discarded input sections

 .data          0x00000000        0x0 C:/Program Files (x86)/Atmel/Studio/7.0/Packs/atmel/ATmega_DFP/1.7.374/gcc/dev/atmega32a/avr5/crtatmega32a.o
 .bss           0x00000000        0x0 C:/Program Files (x86)/Atmel/Studio/7.0/Packs/atmel/ATmega_DFP/1.7.374/gcc/dev/atmega32a/avr5/crtatmega32a.o
 .text          0x00000000        0x0 APP/app.o
 .data          0x00000000        0x0 APP/app.o
 .bss           0x00000000        0x0 APP/app.o
 .text          0x00000000        0x0 card_database/card_database.o
 .data          0x00000000        0x0 card_database/card_database.o
 .bss           0x00000000        0x0 card_database/card_database.o
 .text          0x00000000        0x0 ECUAL/eeprom/HEEPROM_Program.o
 .data          0x00000000        0x0 ECUAL/eeprom/HEEPROM_Program.o
 .bss           0x00000000        0x0 ECUAL/eeprom/HEEPROM_Program.o
 .text.eeprom_write_byte
                0x00000000       0x34 ECUAL/eeprom/HEEPROM_Program.o
 COMMON         0x00000000       0x40 ECUAL/eeprom/HEEPROM_Program.o
 .text          0x00000000        0x0 ECUAL/hspi/hspi_program.o
 .data          0x00000000        0x0 ECUAL/hspi/hspi_program.o
 .bss           0x00000000        0x0 ECUAL/hspi/hspi_program.o
 .text.HSPI_MasterInit
                0x00000000       0x2e ECUAL/hspi/hspi_program.o
 .text.HSPI_SendChar
                0x00000000       0x34 ECUAL/hspi/hspi_program.o
 .text.HSPI_SendString
                0x00000000       0x26 ECUAL/hspi/hspi_program.o
 .text.HSPI_SendData
                0x00000000       0x5c ECUAL/hspi/hspi_program.o
 .text.HSPI_ReceiveChar
                0x00000000       0x4a ECUAL/hspi/hspi_program.o
 .text.HSPI_ReceiveData
                0x00000000       0x62 ECUAL/hspi/hspi_program.o
 .text.HSPI_ExchangeData
                0x00000000       0x6a ECUAL/hspi/hspi_program.o
 .text          0x00000000        0x0 ECUAL/husart/husart.o
 .data          0x00000000        0x0 ECUAL/husart/husart.o
 .bss           0x00000000        0x0 ECUAL/husart/husart.o
 .text          0x00000000        0x0 main.o
 .data          0x00000000        0x0 main.o
 .bss           0x00000000        0x0 main.o
 .text          0x00000000        0x0 MCAL/dio/dio_prog.o
 .data          0x00000000        0x0 MCAL/dio/dio_prog.o
 .bss           0x00000000        0x0 MCAL/dio/dio_prog.o
 .text.DIO_s8SETPortDir
                0x00000000       0x4e MCAL/dio/dio_prog.o
 .text.DIO_s8SETPortVal
                0x00000000       0x20 MCAL/dio/dio_prog.o
 .text.DIO_s8GETPortVal
                0x00000000       0x24 MCAL/dio/dio_prog.o
 .text.DIO_s8TOGPinVal
                0x00000000       0x3e MCAL/dio/dio_prog.o
 .text.DIO_s8GETPinVal
                0x00000000       0x3e MCAL/dio/dio_prog.o
 .data.pinReg   0x00000000        0x8 MCAL/dio/dio_prog.o
 .text          0x00000000        0x0 MCAL/i2c/MI2C_Program.o
 .data          0x00000000        0x0 MCAL/i2c/MI2C_Program.o
 .bss           0x00000000        0x0 MCAL/i2c/MI2C_Program.o
 .text.i2c_init_slave
                0x00000000        0xc MCAL/i2c/MI2C_Program.o
 .text.i2c_read_byte
                0x00000000        0xe MCAL/i2c/MI2C_Program.o
 .text.i2c_slave_check_slave_address_received_with_write_req
                0x00000000       0x22 MCAL/i2c/MI2C_Program.o
 .text.i2c_slave_check_slave_address_received_with_read_req
                0x00000000       0x22 MCAL/i2c/MI2C_Program.o
 .text.i2c_slave_read_byte
                0x00000000       0x24 MCAL/i2c/MI2C_Program.o
 .text.i2c_slave_write_byte
                0x00000000       0x24 MCAL/i2c/MI2C_Program.o
 .text.i2c_read_byte_ack
                0x00000000       0x1c MCAL/i2c/MI2C_Program.o
 .text          0x00000000        0x0 MCAL/spi/spi_program.o
 .data          0x00000000        0x0 MCAL/spi/spi_program.o
 .bss           0x00000000        0x0 MCAL/spi/spi_program.o
 .text.SPI_MasterInit
                0x00000000       0x30 MCAL/spi/spi_program.o
 .text.SPI_SetValue
                0x00000000        0x4 MCAL/spi/spi_program.o
 .text.SPI_TranscieveChar
                0x00000000       0x4c MCAL/spi/spi_program.o
 .text.SPI_SetCallback
                0x00000000       0x14 MCAL/spi/spi_program.o
 .bss.SPI_CallbackFn
                0x00000000        0x2 MCAL/spi/spi_program.o
 .text          0x00000000        0x0 MCAL/usart/usart.o
 .data          0x00000000        0x0 MCAL/usart/usart.o
 .bss           0x00000000        0x0 MCAL/usart/usart.o
 .text          0x00000000        0x0 c:/program files (x86)/atmel/studio/7.0/toolchain/avr8/avr8-gnu-toolchain/bin/../lib/gcc/avr/5.4.0/avr5\libgcc.a(_exit.o)
 .data          0x00000000        0x0 c:/program files (x86)/atmel/studio/7.0/toolchain/avr8/avr8-gnu-toolchain/bin/../lib/gcc/avr/5.4.0/avr5\libgcc.a(_exit.o)
 .bss           0x00000000        0x0 c:/program files (x86)/atmel/studio/7.0/toolchain/avr8/avr8-gnu-toolchain/bin/../lib/gcc/avr/5.4.0/avr5\libgcc.a(_exit.o)
 .text.libgcc.mul
                0x00000000        0x0 c:/program files (x86)/atmel/studio/7.0/toolchain/avr8/avr8-gnu-toolchain/bin/../lib/gcc/avr/5.4.0/avr5\libgcc.a(_exit.o)
 .text.libgcc.div
                0x00000000        0x0 c:/program files (x86)/atmel/studio/7.0/toolchain/avr8/avr8-gnu-toolchain/bin/../lib/gcc/avr/5.4.0/avr5\libgcc.a(_exit.o)
 .text.libgcc   0x00000000        0x0 c:/program files (x86)/atmel/studio/7.0/toolchain/avr8/avr8-gnu-toolchain/bin/../lib/gcc/avr/5.4.0/avr5\libgcc.a(_exit.o)
 .text.libgcc.prologue
                0x00000000        0x0 c:/program files (x86)/atmel/studio/7.0/toolchain/avr8/avr8-gnu-toolchain/bin/../lib/gcc/avr/5.4.0/avr5\libgcc.a(_exit.o)
 .text.libgcc.builtins
                0x00000000        0x0 c:/program files (x86)/atmel/studio/7.0/toolchain/avr8/avr8-gnu-toolchain/bin/../lib/gcc/avr/5.4.0/avr5\libgcc.a(_exit.o)
 .text.libgcc.fmul
                0x00000000        0x0 c:/program files (x86)/atmel/studio/7.0/toolchain/avr8/avr8-gnu-toolchain/bin/../lib/gcc/avr/5.4.0/avr5\libgcc.a(_exit.o)
 .text.libgcc.fixed
                0x00000000        0x0 c:/program files (x86)/atmel/studio/7.0/toolchain/avr8/avr8-gnu-toolchain/bin/../lib/gcc/avr/5.4.0/avr5\libgcc.a(_exit.o)
 .text          0x00000000        0x0 c:/program files (x86)/atmel/studio/7.0/toolchain/avr8/avr8-gnu-toolchain/bin/../lib/gcc/avr/5.4.0/avr5\libgcc.a(_copy_data.o)
 .data          0x00000000        0x0 c:/program files (x86)/atmel/studio/7.0/toolchain/avr8/avr8-gnu-toolchain/bin/../lib/gcc/avr/5.4.0/avr5\libgcc.a(_copy_data.o)
 .bss           0x00000000        0x0 c:/program files (x86)/atmel/studio/7.0/toolchain/avr8/avr8-gnu-toolchain/bin/../lib/gcc/avr/5.4.0/avr5\libgcc.a(_copy_data.o)
 .text.libgcc.mul
                0x00000000        0x0 c:/program files (x86)/atmel/studio/7.0/toolchain/avr8/avr8-gnu-toolchain/bin/../lib/gcc/avr/5.4.0/avr5\libgcc.a(_copy_data.o)
 .text.libgcc.div
                0x00000000        0x0 c:/program files (x86)/atmel/studio/7.0/toolchain/avr8/avr8-gnu-toolchain/bin/../lib/gcc/avr/5.4.0/avr5\libgcc.a(_copy_data.o)
 .text.libgcc   0x00000000        0x0 c:/program files (x86)/atmel/studio/7.0/toolchain/avr8/avr8-gnu-toolchain/bin/../lib/gcc/avr/5.4.0/avr5\libgcc.a(_copy_data.o)
 .text.libgcc.prologue
                0x00000000        0x0 c:/program files (x86)/atmel/studio/7.0/toolchain/avr8/avr8-gnu-toolchain/bin/../lib/gcc/avr/5.4.0/avr5\libgcc.a(_copy_data.o)
 .text.libgcc.builtins
                0x00000000        0x0 c:/program files (x86)/atmel/studio/7.0/toolchain/avr8/avr8-gnu-toolchain/bin/../lib/gcc/avr/5.4.0/avr5\libgcc.a(_copy_data.o)
 .text.libgcc.fmul
                0x00000000        0x0 c:/program files (x86)/atmel/studio/7.0/toolchain/avr8/avr8-gnu-toolchain/bin/../lib/gcc/avr/5.4.0/avr5\libgcc.a(_copy_data.o)
 .text.libgcc.fixed
                0x00000000        0x0 c:/program files (x86)/atmel/studio/7.0/toolchain/avr8/avr8-gnu-toolchain/bin/../lib/gcc/avr/5.4.0/avr5\libgcc.a(_copy_data.o)
 .text          0x00000000        0x0 c:/program files (x86)/atmel/studio/7.0/toolchain/avr8/avr8-gnu-toolchain/bin/../lib/gcc/avr/5.4.0/avr5\libgcc.a(_clear_bss.o)
 .data          0x00000000        0x0 c:/program files (x86)/atmel/studio/7.0/toolchain/avr8/avr8-gnu-toolchain/bin/../lib/gcc/avr/5.4.0/avr5\libgcc.a(_clear_bss.o)
 .bss           0x00000000        0x0 c:/program files (x86)/atmel/studio/7.0/toolchain/avr8/avr8-gnu-toolchain/bin/../lib/gcc/avr/5.4.0/avr5\libgcc.a(_clear_bss.o)
 .text.libgcc.mul
                0x00000000        0x0 c:/program files (x86)/atmel/studio/7.0/toolchain/avr8/avr8-gnu-toolchain/bin/../lib/gcc/avr/5.4.0/avr5\libgcc.a(_clear_bss.o)
 .text.libgcc.div
                0x00000000        0x0 c:/program files (x86)/atmel/studio/7.0/toolchain/avr8/avr8-gnu-toolchain/bin/../lib/gcc/avr/5.4.0/avr5\libgcc.a(_clear_bss.o)
 .text.libgcc   0x00000000        0x0 c:/program files (x86)/atmel/studio/7.0/toolchain/avr8/avr8-gnu-toolchain/bin/../lib/gcc/avr/5.4.0/avr5\libgcc.a(_clear_bss.o)
 .text.libgcc.prologue
                0x00000000        0x0 c:/program files (x86)/atmel/studio/7.0/toolchain/avr8/avr8-gnu-toolchain/bin/../lib/gcc/avr/5.4.0/avr5\libgcc.a(_clear_bss.o)
 .text.libgcc.builtins
                0x00000000        0x0 c:/program files (x86)/atmel/studio/7.0/toolchain/avr8/avr8-gnu-toolchain/bin/../lib/gcc/avr/5.4.0/avr5\libgcc.a(_clear_bss.o)
 .text.libgcc.fmul
                0x00000000        0x0 c:/program files (x86)/atmel/studio/7.0/toolchain/avr8/avr8-gnu-toolchain/bin/../lib/gcc/avr/5.4.0/avr5\libgcc.a(_clear_bss.o)
 .text.libgcc.fixed
                0x00000000        0x0 c:/program files (x86)/atmel/studio/7.0/toolchain/avr8/avr8-gnu-toolchain/bin/../lib/gcc/avr/5.4.0/avr5\libgcc.a(_clear_bss.o)

Memory Configuration

Name             Origin             Length             Attributes
text             0x00000000         0x00008000         xr
data             0x00800060         0x00000800         rw !x
eeprom           0x00810000         0x00000400         rw !x
fuse             0x00820000         0x00000002         rw !x
lock             0x00830000         0x00000400         rw !x
signature        0x00840000         0x00000400         rw !x
user_signatures  0x00850000         0x00000400         rw !x
*default*        0x00000000         0xffffffff

Linker script and memory map

LOAD C:/Program Files (x86)/Atmel/Studio/7.0/Packs/atmel/ATmega_DFP/1.7.374/gcc/dev/atmega32a/avr5/crtatmega32a.o
LOAD APP/app.o
LOAD card_database/card_database.o
LOAD ECUAL/eeprom/HEEPROM_Program.o
LOAD ECUAL/hspi/hspi_program.o
LOAD ECUAL/husart/husart.o
LOAD main.o
LOAD MCAL/dio/dio_prog.o
LOAD MCAL/i2c/MI2C_Program.o
LOAD MCAL/spi/spi_program.o
LOAD MCAL/usart/usart.o
START GROUP
LOAD c:/program files (x86)/atmel/studio/7.0/toolchain/avr8/avr8-gnu-toolchain/bin/../lib/gcc/avr/5.4.0/../../../../avr/lib/avr5\libm.a
END GROUP
START GROUP
LOAD c:/program files (x86)/atmel/studio/7.0/toolchain/avr8/avr8-gnu-toolchain/bin/../lib/gcc/avr/5.4.0/avr5\libgcc.a
LOAD c:/program files (x86)/atmel/studio/7.0/toolchain/avr8/avr8-gnu-toolchain/bin/../lib/gcc/avr/5.4.0/../../../../avr/lib/avr5\libm.a
LOAD c:/program files (x86)/atmel/studio/7.0/toolchain/avr8/avr8-gnu-toolchain/bin/../lib/gcc/avr/5.4.0/../../../../avr/lib/avr5\libc.a
LOAD C:/Program Files (x86)/Atmel/Studio/7.0/Packs/atmel/ATmega_DFP/1.7.374/gcc/dev/atmega32a/avr5\libatmega32a.a
END GROUP
                [0x00000000]                __TEXT_REGION_ORIGIN__ = DEFINED (__TEXT_REGION_ORIGIN__)?__TEXT_REGION_ORIGIN__:0x0
                [0x00800060]                __DATA_REGION_ORIGIN__ = DEFINED (__DATA_REGION_ORIGIN__)?__DATA_REGION_ORIGIN__:0x800060
                [0x00008000]                __TEXT_REGION_LENGTH__ = DEFINED (__TEXT_REGION_LENGTH__)?__TEXT_REGION_LENGTH__:0x20000
                [0x00000800]                __DATA_REGION_LENGTH__ = DEFINED (__DATA_REGION_LENGTH__)?__DATA_REGION_LENGTH__:0xffa0
                [0x00000400]                __EEPROM_REGION_LENGTH__ = DEFINED (__EEPROM_REGION_LENGTH__)?__EEPROM_REGION_LENGTH__:0x10000
                [0x00000002]                __FUSE_REGION_LENGTH__ = DEFINED (__FUSE_REGION_LENGTH__)?__FUSE_REGION_LENGTH__:0x400
                0x00000400                __LOCK_REGION_LENGTH__ = DEFINED (__LOCK_REGION_LENGTH__)?__LOCK_REGION_LENGTH__:0x400
                0x00000400                __SIGNATURE_REGION_LENGTH__ = DEFINED (__SIGNATURE_REGION_LENGTH__)?__SIGNATURE_REGION_LENGTH__:0x400
                0x00000400                __USER_SIGNATURE_REGION_LENGTH__ = DEFINED (__USER_SIGNATURE_REGION_LENGTH__)?__USER_SIGNATURE_REGION_LENGTH__:0x400

.hash
 *(.hash)

.dynsym
 *(.dynsym)

.dynstr
 *(.dynstr)

.gnu.version
 *(.gnu.version)

.gnu.version_d
 *(.gnu.version_d)

.gnu.version_r
 *(.gnu.version_r)

.rel.init
 *(.rel.init)

.rela.init
 *(.rela.init)

.rel.text
 *(.rel.text)
 *(.rel.text.*)
 *(.rel.gnu.linkonce.t*)

.rela.text
 *(.rela.text)
 *(.rela.text.*)
 *(.rela.gnu.linkonce.t*)

.rel.fini
 *(.rel.fini)

.rela.fini
 *(.rela.fini)

.rel.rodata
 *(.rel.rodata)
 *(.rel.rodata.*)
 *(.rel.gnu.linkonce.r*)

.rela.rodata
 *(.rela.rodata)
 *(.rela.rodata.*)
 *(.rela.gnu.linkonce.r*)

.rel.data
 *(.rel.data)
 *(.rel.data.*)
 *(.rel.gnu.linkonce.d*)

.rela.data
 *(.rela.data)
 *(.rela.data.*)
 *(.rela.gnu.linkonce.d*)

.rel.ctors
 *(.rel.ctors)

.rela.ctors
 *(.rela.ctors)

.rel.dtors
 *(.rel.dtors)

.rela.dtors
 *(.rela.dtors)

.rel.got
 *(.rel.got)

.rela.got
 *(.rela.got)

.rel.bss
 *(.rel.bss)

.rela.bss
 *(.rela.bss)

.rel.plt
 *(.rel.plt)

.rela.plt
 *(.rela.plt)

.text           0x00000000      0x878
 *(.vectors)
 .vectors       0x00000000       0x54 C:/Program Files (x86)/Atmel/Studio/7.0/Packs/atmel/ATmega_DFP/1.7.374/gcc/dev/atmega32a/avr5/crtatmega32a.o
                0x00000000                __vector_default
                0x00000000                __vectors
 *(.vectors)
 *(.progmem.gcc*)
                0x00000054                . = ALIGN (0x2)
                0x00000054                __trampolines_start = .
 *(.trampolines)
 .trampolines   0x00000054        0x0 linker stubs
 *(.trampolines*)
                0x00000054                __trampolines_end = .
 *libprintf_flt.a:*(.progmem.data)
 *libc.a:*(.progmem.data)
 *(.progmem*)
                0x00000054                . = ALIGN (0x2)
 *(.jumptables)
 *(.jumptables*)
 *(.lowtext)
 *(.lowtext*)
                0x00000054                __ctors_start = .
 *(.ctors)
                0x00000054                __ctors_end = .
                0x00000054                __dtors_start = .
 *(.dtors)
                0x00000054                __dtors_end = .
 SORT(*)(.ctors)
 SORT(*)(.dtors)
 *(.init0)
 .init0         0x00000054        0x0 C:/Program Files (x86)/Atmel/Studio/7.0/Packs/atmel/ATmega_DFP/1.7.374/gcc/dev/atmega32a/avr5/crtatmega32a.o
                0x00000054                __init
 *(.init0)
 *(.init1)
 *(.init1)
 *(.init2)
 .init2         0x00000054        0xc C:/Program Files (x86)/Atmel/Studio/7.0/Packs/atmel/ATmega_DFP/1.7.374/gcc/dev/atmega32a/avr5/crtatmega32a.o
 *(.init2)
 *(.init3)
 *(.init3)
 *(.init4)
 .init4         0x00000060       0x16 c:/program files (x86)/atmel/studio/7.0/toolchain/avr8/avr8-gnu-toolchain/bin/../lib/gcc/avr/5.4.0/avr5\libgcc.a(_copy_data.o)
                0x00000060                __do_copy_data
 .init4         0x00000076       0x10 c:/program files (x86)/atmel/studio/7.0/toolchain/avr8/avr8-gnu-toolchain/bin/../lib/gcc/avr/5.4.0/avr5\libgcc.a(_clear_bss.o)
                0x00000076                __do_clear_bss
 *(.init4)
 *(.init5)
 *(.init5)
 *(.init6)
 *(.init6)
 *(.init7)
 *(.init7)
 *(.init8)
 *(.init8)
 *(.init9)
 .init9         0x00000086        0x8 C:/Program Files (x86)/Atmel/Studio/7.0/Packs/atmel/ATmega_DFP/1.7.374/gcc/dev/atmega32a/avr5/crtatmega32a.o
 *(.init9)
 *(.text)
 .text          0x0000008e        0x4 C:/Program Files (x86)/Atmel/Studio/7.0/Packs/atmel/ATmega_DFP/1.7.374/gcc/dev/atmega32a/avr5/crtatmega32a.o
                0x0000008e                __vector_1
                0x0000008e                __bad_interrupt
                0x0000008e                __vector_6
                0x0000008e                __vector_3
                0x0000008e                __vector_11
                0x0000008e                __vector_13
                0x0000008e                __vector_17
                0x0000008e                __vector_19
                0x0000008e                __vector_7
                0x0000008e                __vector_5
                0x0000008e                __vector_4
                0x0000008e                __vector_9
                0x0000008e                __vector_2
                0x0000008e                __vector_15
                0x0000008e                __vector_8
                0x0000008e                __vector_14
                0x0000008e                __vector_10
                0x0000008e                __vector_16
                0x0000008e                __vector_18
                0x0000008e                __vector_20
                0x00000092                . = ALIGN (0x2)
 *(.text.*)
 .text.APP_Init
                0x00000092       0x10 APP/app.o
                0x00000092                APP_Init
 .text.APP_Start
                0x000000a2      0x128 APP/app.o
                0x000000a2                APP_Start
 .text.APP_terminalPinGet
                0x000001ca       0x54 card_database/card_database.o
                0x000001ca                APP_terminalPinGet
 .text.APP_terminalPanGet
                0x0000021e       0x54 card_database/card_database.o
                0x0000021e                APP_terminalPanGet
 .text.SaveCardData
                0x00000272       0x70 card_database/card_database.o
                0x00000272                SaveCardData
 .text.ReadCardData
                0x000002e2       0x4c card_database/card_database.o
                0x000002e2                ReadCardData
 .text.CARD_MatchPINs
                0x0000032e       0xa2 card_database/card_database.o
                0x0000032e                CARD_MatchPINs
 .text.eeprom_init
                0x000003d0        0x6 ECUAL/eeprom/HEEPROM_Program.o
                0x000003d0                eeprom_init
 .text.eeprom_read_byte
                0x000003d6       0x3a ECUAL/eeprom/HEEPROM_Program.o
                0x000003d6                eeprom_read_byte
 .text.eeprom_write_string
                0x00000410       0x5a ECUAL/eeprom/HEEPROM_Program.o
                0x00000410                eeprom_write_string
 .text.eeprom_read_string
                0x0000046a       0x40 ECUAL/eeprom/HEEPROM_Program.o
                0x0000046a                eeprom_read_string
 .text.HSPI_SlaveInit
                0x000004aa       0x3e ECUAL/hspi/hspi_program.o
                0x000004aa                HSPI_SlaveInit
 .text.HSPI_MasterTrigger
                0x000004e8       0x1e ECUAL/hspi/hspi_program.o
                0x000004e8                HSPI_MasterTrigger
 .text.HSPI_SlaveRequest
                0x00000506       0x16 ECUAL/hspi/hspi_program.o
                0x00000506                HSPI_SlaveRequest
 .text.HSPI_SlaveSetData
                0x0000051c       0x12 ECUAL/hspi/hspi_program.o
                0x0000051c                HSPI_SlaveSetData
 .text.HUSART_enInit
                0x0000052e        0xa ECUAL/husart/husart.o
                0x0000052e                HUSART_enInit
 .text.HUSART_enSendData
                0x00000538        0xa ECUAL/husart/husart.o
                0x00000538                HUSART_enSendData
 .text.HUSART_enRecieveData
                0x00000542       0x14 ECUAL/husart/husart.o
                0x00000542                HUSART_enRecieveData
 .text.HUSART_sendSTRING
                0x00000556        0x6 ECUAL/husart/husart.o
                0x00000556                HUSART_sendSTRING
 .text.HUSART_receiveSTRING
                0x0000055c        0x6 ECUAL/husart/husart.o
                0x0000055c                HUSART_receiveSTRING
 .text.main     0x00000562        0xa main.o
                0x00000562                main
 .text.DIO_s8SETPinDir
                0x0000056c       0x80 MCAL/dio/dio_prog.o
                0x0000056c                DIO_s8SETPinDir
 .text.DIO_s8SETPinVal
                0x000005ec       0x80 MCAL/dio/dio_prog.o
                0x000005ec                DIO_s8SETPinVal
 .text.i2c_init_master
                0x0000066c       0x1c MCAL/i2c/MI2C_Program.o
                0x0000066c                i2c_init_master
 .text.i2c_start
                0x00000688       0x14 MCAL/i2c/MI2C_Program.o
                0x00000688                i2c_start
 .text.i2c_repeated_start
                0x0000069c       0x14 MCAL/i2c/MI2C_Program.o
                0x0000069c                i2c_repeated_start
 .text.i2c_send_slave_address_with_write_req
                0x000006b0       0x1e MCAL/i2c/MI2C_Program.o
                0x000006b0                i2c_send_slave_address_with_write_req
 .text.i2c_send_slave_address_with_read_req
                0x000006ce       0x1e MCAL/i2c/MI2C_Program.o
                0x000006ce                i2c_send_slave_address_with_read_req
 .text.i2c_write_byte
                0x000006ec       0x1e MCAL/i2c/MI2C_Program.o
                0x000006ec                i2c_write_byte
 .text.i2c_stop
                0x0000070a        0x6 MCAL/i2c/MI2C_Program.o
                0x0000070a                i2c_stop
 .text.i2c_read_byte_nack
                0x00000710       0x16 MCAL/i2c/MI2C_Program.o
                0x00000710                i2c_read_byte_nack
 .text.SPI_SlaveInit
                0x00000726       0x20 MCAL/spi/spi_program.o
                0x00000726                SPI_SlaveInit
 .text.__vector_12
                0x00000746       0x96 MCAL/spi/spi_program.o
                0x00000746                __vector_12
 .text.USART_init
                0x000007dc       0x18 MCAL/usart/usart.o
                0x000007dc                USART_init
 .text.USART_sendData
                0x000007f4        0xa MCAL/usart/usart.o
                0x000007f4                USART_sendData
 .text.USART_receiveData
                0x000007fe        0x8 MCAL/usart/usart.o
                0x000007fe                USART_receiveData
 .text.USART_sendSTRING
                0x00000806       0x26 MCAL/usart/usart.o
                0x00000806                USART_sendSTRING
 .text.USART_receiveSTRING
                0x0000082c       0x48 MCAL/usart/usart.o
                0x0000082c                USART_receiveSTRING
                0x00000874                . = ALIGN (0x2)
 *(.fini9)
 .fini9         0x00000874        0x0 c:/program files (x86)/atmel/studio/7.0/toolchain/avr8/avr8-gnu-toolchain/bin/../lib/gcc/avr/5.4.0/avr5\libgcc.a(_exit.o)
                0x00000874                _exit
                0x00000874                exit
 *(.fini9)
 *(.fini8)
 *(.fini8)
 *(.fini7)
 *(.fini7)
 *(.fini6)
 *(.fini6)
 *(.fini5)
 *(.fini5)
 *(.fini4)
 *(.fini4)
 *(.fini3)
 *(.fini3)
 *(.fini2)
 *(.fini2)
 *(.fini1)
 *(.fini1)
 *(.fini0)
 .fini0         0x00000874        0x4 c:/program files (x86)/atmel/studio/7.0/toolchain/avr8/avr8-gnu-toolchain/bin/../lib/gcc/avr/5.4.0/avr5\libgcc.a(_exit.o)
 *(.fini0)
                0x00000878                _etext = .

.data           0x00800060      0x176 load address 0x00000878
                0x00800060                PROVIDE (__data_start, .)
 *(.data)
 *(.data*)
 .data.ddrReg   0x00800060        0x8 MCAL/dio/dio_prog.o
                0x00800060                ddrReg
 .data.portReg  0x00800068        0x8 MCAL/dio/dio_prog.o
                0x00800068                portReg
 *(.gnu.linkonce.d*)
 *(.rodata)
 *(.rodata*)
 .rodata.str1.1
                0x00800070       0x81 APP/app.o
 .rodata.str1.1
                0x008000f1       0xe5 card_database/card_database.o
 *(.gnu.linkonce.r*)
                0x008001d6                . = ALIGN (0x2)
                0x008001d6                _edata = .
                0x008001d6                PROVIDE (__data_end, .)

.bss            0x008001d6       0x33
                0x008001d6                PROVIDE (__bss_start, .)
 *(.bss)
 *(.bss*)
 .bss.u8_g_CardState
                0x008001d6        0x1 APP/app.o
                0x008001d6                u8_g_CardState
 .bss.pan_arr   0x008001d7       0x14 card_database/card_database.o
                0x008001d7                pan_arr
 .bss.pin_arr   0x008001eb        0x5 card_database/card_database.o
                0x008001eb                pin_arr
 .bss.arr_g_SlaveRxBuffer
                0x008001f0        0xf MCAL/spi/spi_program.o
                0x008001f0                arr_g_SlaveRxBuffer
 .bss.pu8_g_SlaveTxPtr
                0x008001ff        0x2 MCAL/spi/spi_program.o
                0x008001ff                pu8_g_SlaveTxPtr
 .bss.u8_g_SlaveRxIndex
                0x00800201        0x1 MCAL/spi/spi_program.o
                0x00800201                u8_g_SlaveRxIndex
 .bss.u8_g_SlaveTxIndex
                0x00800202        0x1 MCAL/spi/spi_program.o
                0x00800202                u8_g_SlaveTxIndex
 *(COMMON)
 COMMON         0x00800203        0x3 APP/app.o
                0x00800203                u8_g_EepromFlag
                0x00800204                u8_gs_ModeSelect
                0x00800205                u8_g_PanValid
 COMMON         0x00800206        0x3 MCAL/spi/spi_program.o
                0x00800206                u8_g_SlaveReceive
                0x00800207                u8_g_SlaveRxLen
                0x00800208                u8_g_SlaveTxLen
                0x00800209                PROVIDE (__bss_end, .)
                0x00000878                __data_load_start = LOADADDR (.data)
                0x000009ee                __data_load_end = (__data_load_start + SIZEOF (.data))

.noinit         0x00800209        0x0
                [!provide]                PROVIDE (__noinit_start, .)
 *(.noinit*)
                [!provide]                PROVIDE (__noinit_end, .)
                0x00800209                _end = .
                [!provide]                PROVIDE (__heap_start, .)

.eeprom         0x00810000        0x0
 *(.eeprom*)
                0x00810000                __eeprom_end = .

.fuse
 *(.fuse)
 *(.lfuse)
 *(.hfuse)
 *(.efuse)

.lock
 *(.lock*)

.signature
 *(.signature*)

.user_signatures
 *(.user_signatures*)

.stab
 *(.stab)

.stabstr
 *(.stabstr)

.stab.excl
 *(.stab.excl)

.stab.exclstr
 *(.stab.exclstr)

.stab.index
 *(.stab.index)

.stab.indexstr
 *(.stab.indexstr)

.comment        0x00000000       0x30
 *(.comment)
 .comment       0x00000000       0x30 APP/app.o
                                 0x31 (size before relaxing)
 .comment       0x00000030       0x31 card_database/card_database.o
 .comment       0x00000030       0x31 ECUAL/eeprom/HEEPROM_Program.o
 .comment       0x00000030       0x31 ECUAL/hspi/hspi_program.o
 .comment       0x00000030       0x31 ECUAL/husart/husart.o
 .comment       0x00000030       0x31 main.o
 .comment       0x00000030       0x31 MCAL/dio/dio_prog.o
 .comment       0x00000030       0x31 MCAL/i2c/MI2C_Program.o
 .comment       0x00000030       0x31 MCAL/spi/spi_program.o
 .comment       0x00000030       0x31 MCAL/usart/usart.o

.note.gnu.avr.deviceinfo
                0x00000000       0x3c
 .note.gnu.avr.deviceinfo
                0x00000000       0x3c C:/Program Files (x86)/Atmel/Studio/7.0/Packs/atmel/ATmega_DFP/1.7.374/gcc/dev/atmega32a/avr5/crtatmega32a.o

.note.gnu.build-id
 *(.note.gnu.build-id)

.debug
 *(.debug)

.line
 *(.line)

.debug_srcinfo
 *(.debug_srcinfo)

.debug_sfnames
 *(.debug_sfnames)

.debug_aranges  0x00000000      0x2e0
 *(.debug_aranges)
 .debug_aranges
                0x00000000       0x28 APP/app.o
 .debug_aranges
                0x00000028       0x40 card_database/card_database.o
 .debug_aranges
                0x00000068       0x40 ECUAL/eeprom/HEEPROM_Program.o
 .debug_aranges
                0x000000a8       0x70 ECUAL/hspi/hspi_program.o
 .debug_aranges
                0x00000118       0x40 ECUAL/husart/husart.o
 .debug_aranges
                0x00000158       0x20 main.o
 .debug_aranges
                0x00000178       0x50 MCAL/dio/dio_prog.o
 .debug_aranges
                0x000001c8       0x90 MCAL/i2c/MI2C_Program.o
 .debug_aranges
                0x00000258       0x48 MCAL/spi/spi_program.o
 .debug_aranges
                0x000002a0       0x40 MCAL/usart/usart.o

.debug_pubnames
 *(.debug_pubnames)

.debug_info     0x00000000     0x2a7c
 *(.debug_info .gnu.linkonce.wi.*)
 .debug_info    0x00000000      0x4e6 C:/Program Files (x86)/Atmel/Studio/7.0/Packs/atmel/ATmega_DFP/1.7.374/gcc/dev/atmega32a/avr5/crtatmega32a.o
 .debug_info    0x000004e6      0x385 APP/app.o
 .debug_info    0x0000086b      0x6f2 card_database/card_database.o
 .debug_info    0x00000f5d      0x437 ECUAL/eeprom/HEEPROM_Program.o
 .debug_info    0x00001394      0x851 ECUAL/hspi/hspi_program.o
 .debug_info    0x00001be5      0x22c ECUAL/husart/husart.o
 .debug_info    0x00001e11       0xca main.o
 .debug_info    0x00001edb      0x4ce MCAL/dio/dio_prog.o
 .debug_info    0x000023a9      0x235 MCAL/i2c/MI2C_Program.o
 .debug_info    0x000025de      0x2e2 MCAL/spi/spi_program.o
 .debug_info    0x000028c0      0x1bc MCAL/usart/usart.o

.debug_abbrev   0x00000000      0xfd5
 *(.debug_abbrev)
 .debug_abbrev  0x00000000      0x4a3 C:/Program Files (x86)/Atmel/Studio/7.0/Packs/atmel/ATmega_DFP/1.7.374/gcc/dev/atmega32a/avr5/crtatmega32a.o
 .debug_abbrev  0x000004a3       0xe0 APP/app.o
 .debug_abbrev  0x00000583      0x182 card_database/card_database.o
 .debug_abbrev  0x00000705      0x1a1 ECUAL/eeprom/HEEPROM_Program.o
 .debug_abbrev  0x000008a6      0x1d9 ECUAL/hspi/hspi_program.o
 .debug_abbrev  0x00000a7f       0xf1 ECUAL/husart/husart.o
 .debug_abbrev  0x00000b70       0x68 main.o
 .debug_abbrev  0x00000bd8       0xd6 MCAL/dio/dio_prog.o
 .debug_abbrev  0x00000cae       0xae MCAL/i2c/MI2C_Program.o
 .debug_abbrev  0x00000d5c      0x17d MCAL/spi/spi_program.o
 .debug_abbrev  0x00000ed9       0xfc MCAL/usart/usart.o

.debug_line     0x00000000     0x195c
 *(.debug_line .debug_line.* .debug_line_end)
 .debug_line    0x00000000      0x116 C:/Program Files (x86)/Atmel/Studio/7.0/Packs/atmel/ATmega_DFP/1.7.374/gcc/dev/atmega32a/avr5/crtatmega32a.o
 .debug_line    0x00000116      0x218 APP/app.o
 .debug_line    0x0000032e      0x3e1 card_database/card_database.o
 .debug_line    0x0000070f      0x2af ECUAL/eeprom/HEEPROM_Program.o
 .debug_line    0x000009be      0x43e ECUAL/hspi/hspi_program.o
 .debug_line    0x00000dfc      0x10e ECUAL/husart/husart.o
 .debug_line    0x00000f0a       0x5b main.o
 .debug_line    0x00000f65      0x264 MCAL/dio/dio_prog.o
 .debug_line    0x000011c9      0x373 MCAL/i2c/MI2C_Program.o
 .debug_line    0x0000153c      0x2bf MCAL/spi/spi_program.o
 .debug_line    0x000017fb      0x161 MCAL/usart/usart.o

.debug_frame    0x00000000      0x654
 *(.debug_frame)
 .debug_frame   0x00000000       0x34 APP/app.o
 .debug_frame   0x00000034       0xb8 card_database/card_database.o
 .debug_frame   0x000000ec       0xb8 ECUAL/eeprom/HEEPROM_Program.o
 .debug_frame   0x000001a4      0x170 ECUAL/hspi/hspi_program.o
 .debug_frame   0x00000314       0x70 ECUAL/husart/husart.o
 .debug_frame   0x00000384       0x24 main.o
 .debug_frame   0x000003a8       0x84 MCAL/dio/dio_prog.o
 .debug_frame   0x0000042c      0x104 MCAL/i2c/MI2C_Program.o
 .debug_frame   0x00000530       0x9c MCAL/spi/spi_program.o
 .debug_frame   0x000005cc       0x88 MCAL/usart/usart.o

.debug_str      0x00000000      0xf28
 *(.debug_str)
 .debug_str     0x00000000      0x196 C:/Program Files (x86)/Atmel/Studio/7.0/Packs/atmel/ATmega_DFP/1.7.374/gcc/dev/atmega32a/avr5/crtatmega32a.o
 .debug_str     0x00000196      0x32e APP/app.o
                                0x372 (size before relaxing)
 .debug_str     0x000004c4      0x1d2 card_database/card_database.o
                                0x409 (size before relaxing)
 .debug_str     0x00000696      0x100 ECUAL/eeprom/HEEPROM_Program.o
                                0x336 (size before relaxing)
 .debug_str     0x00000796      0x3d1 ECUAL/hspi/hspi_program.o
                                0x5ca (size before relaxing)
 .debug_str     0x00000b67       0x8e ECUAL/husart/husart.o
                                0x2bf (size before relaxing)
 .debug_str     0x00000bf5       0x11 main.o
                                0x1aa (size before relaxing)
 .debug_str     0x00000c06      0x127 MCAL/dio/dio_prog.o
                                0x496 (size before relaxing)
 .debug_str     0x00000d2d       0xec MCAL/i2c/MI2C_Program.o
                                0x344 (size before relaxing)
 .debug_str     0x00000e19       0xe7 MCAL/spi/spi_program.o
                                0x384 (size before relaxing)
 .debug_str     0x00000f00       0x28 MCAL/usart/usart.o
                                0x258 (size before relaxing)

.debug_loc      0x00000000     0x19b9
 *(.debug_loc)
 .debug_loc     0x00000000      0x6a6 card_database/card_database.o
 .debug_loc     0x000006a6      0x31f ECUAL/eeprom/HEEPROM_Program.o
 .debug_loc     0x000009c5      0x5f5 ECUAL/hspi/hspi_program.o
 .debug_loc     0x00000fba       0xf3 ECUAL/husart/husart.o
 .debug_loc     0x000010ad      0x546 MCAL/dio/dio_prog.o
 .debug_loc     0x000015f3       0x9c MCAL/i2c/MI2C_Program.o
 .debug_loc     0x0000168f      0x1a5 MCAL/spi/spi_program.o
 .debug_loc     0x00001834      0x185 MCAL/usart/usart.o

.debug_macinfo
 *(.debug_macinfo)

.debug_weaknames
 *(.debug_weaknames)

.debug_funcnames
 *(.debug_funcnames)

.debug_typenames
 *(.debug_typenames)

.debug_varnames
 *(.debug_varnames)

.debug_pubtypes
 *(.debug_pubtypes)

.debug_ranges   0x00000000      0x240
 *(.debug_ranges)
 .debug_ranges  0x00000000       0x18 APP/app.o
 .debug_ranges  0x00000018       0x30 card_database/card_database.o
 .debug_ranges  0x00000048       0x30 ECUAL/eeprom/HEEPROM_Program.o
 .debug_ranges  0x00000078       0x60 ECUAL/hspi/hspi_program.o
 .debug_ranges  0x000000d8       0x30 ECUAL/husart/husart.o
 .debug_ranges  0x00000108       0x10 main.o
 .debug_ranges  0x00000118       0x40 MCAL/dio/dio_prog.o
 .debug_ranges  0x00000158       0x80 MCAL/i2c/MI2C_Program.o
 .debug_ranges  0x000001d8       0x38 MCAL/spi/spi_program.o
 .debug_ranges  0x00000210       0x30 MCAL/usart/usart.o

.debug_macro
 *(.debug_macro)
OUTPUT(CARD_MCU.elf elf32-avr)
LOAD linker stubs
